

================================================================
== Vivado HLS Report for 'AES_CTR_xcrypt_buffe'
================================================================
* Date:           Sat Jan 23 11:15:22 2021

* Version:        2019.1 (Build 2552052 on Fri May 24 15:28:33 MDT 2019)
* Project:        aes_hls_prj
* Solution:       sol1
* Product family: spartan7
* Target device:  xc7s15-ftgb196-2


================================================================
== Performance Estimates
================================================================
+ Timing (ns): 
    * Summary: 
    +--------+--------+----------+------------+
    |  Clock | Target | Estimated| Uncertainty|
    +--------+--------+----------+------------+
    |ap_clk  |  100.00|     6.100|       12.50|
    +--------+--------+----------+------------+

+ Latency (clock cycles): 
    * Summary: 
    +-----+-------+-----+-------+---------+
    |   Latency   |   Interval  | Pipeline|
    | min |  max  | min |  max  |   Type  |
    +-----+-------+-----+-------+---------+
    |   49|  22449|   49|  22449|   none  |
    +-----+-------+-----+-------+---------+

    + Detail: 
        * Instance: 
        +-------------------+--------+------+------+------+------+---------+
        |                   |        |   Latency   |   Interval  | Pipeline|
        |      Instance     | Module |  min |  max |  min |  max |   Type  |
        +-------------------+--------+------+------+------+------+---------+
        |grp_Cipher_fu_271  |Cipher  |  1250|  1250|  1250|  1250|   none  |
        +-------------------+--------+------+------+------+------+---------+

        * Loop: 
        +---------------------------------------+-----+-------+----------+-----------+-----------+--------+----------+
        |                                       |   Latency   | Iteration|  Initiation Interval  |  Trip  |          |
        |               Loop Name               | min |  max  |  Latency |  achieved |   target  |  Count | Pipelined|
        +---------------------------------------+-----+-------+----------+-----------+-----------+--------+----------+
        |- AES_CTR_xcrypt_buffer_label0         |   48|  22448| 3 ~ 1403 |          -|          -|      16|    no    |
        | + AES_CTR_xcrypt_buffer_label1        |   32|     32|         2|          -|          -|      16|    no    |
        | + AES_CTR_xcrypt_buffer_label0.2      |   40|     40|        10|          -|          -|       4|    no    |
        |  ++ AES_CTR_xcrypt_buffer_label0.2.1  |    8|      8|         2|          -|          -|       4|    no    |
        | + AES_CTR_xcrypt_buffer_label0.3      |   40|     40|        10|          -|          -|       4|    no    |
        |  ++ AES_CTR_xcrypt_buffer_label0.3.1  |    8|      8|         2|          -|          -|       4|    no    |
        | + AES_CTR_xcrypt_buffer_label2        |    2|     33|         2|          -|          -| 1 ~ 16 |    no    |
        +---------------------------------------+-----+-------+----------+-----------+-----------+--------+----------+



================================================================
== Utilization Estimates
================================================================
* Summary: 
+-----------------+---------+-------+-------+------+-----+
|       Name      | BRAM_18K| DSP48E|   FF  |  LUT | URAM|
+-----------------+---------+-------+-------+------+-----+
|DSP              |        -|      -|      -|     -|    -|
|Expression       |        -|      -|      0|   300|    -|
|FIFO             |        -|      -|      -|     -|    -|
|Instance         |        1|      -|    199|   851|    -|
|Memory           |        1|      -|     16|     2|    0|
|Multiplexer      |        -|      -|      -|   329|    -|
|Register         |        -|      -|    193|     -|    -|
+-----------------+---------+-------+-------+------+-----+
|Total            |        2|      0|    408|  1482|    0|
+-----------------+---------+-------+-------+------+-----+
|Available        |       20|     20|  16000|  8000|    0|
+-----------------+---------+-------+-------+------+-----+
|Utilization (%)  |       10|      0|      2|    18|    0|
+-----------------+---------+-------+-------+------+-----+

+ Detail: 
    * Instance: 
    +-------------------+--------+---------+-------+-----+-----+-----+
    |      Instance     | Module | BRAM_18K| DSP48E|  FF | LUT | URAM|
    +-------------------+--------+---------+-------+-----+-----+-----+
    |grp_Cipher_fu_271  |Cipher  |        1|      0|  199|  851|    0|
    +-------------------+--------+---------+-------+-----+-----+-----+
    |Total              |        |        1|      0|  199|  851|    0|
    +-------------------+--------+---------+-------+-----+-----+-----+

    * DSP48E: 
    N/A

    * Memory: 
    +----------+-----------------------------+---------+----+----+-----+------+-----+------+-------------+
    |  Memory  |            Module           | BRAM_18K| FF | LUT| URAM| Words| Bits| Banks| W*Bits*Banks|
    +----------+-----------------------------+---------+----+----+-----+------+-----+------+-------------+
    |buffer_U  |AES_CTR_xcrypt_buffe_buffer  |        0|  16|   2|    0|    16|    8|     1|          128|
    |x_U       |AES_CTR_xcrypt_buffe_x       |        1|   0|   0|    0|    16|    8|     1|          128|
    +----------+-----------------------------+---------+----+----+-----+------+-----+------+-------------+
    |Total     |                             |        1|  16|   2|    0|    32|   16|     2|          256|
    +----------+-----------------------------+---------+----+----+-----+------+-----+------+-------------+

    * FIFO: 
    N/A

    * Expression: 
    +-----------------------+----------+-------+---+----+------------+------------+
    |     Variable Name     | Operation| DSP48E| FF| LUT| Bitwidth P0| Bitwidth P1|
    +-----------------------+----------+-------+---+----+------------+------------+
    |add_ln476_1_fu_359_p2  |     +    |      0|  0|  15|           6|           6|
    |add_ln476_fu_381_p2    |     +    |      0|  0|  13|           4|           4|
    |add_ln484_1_fu_435_p2  |     +    |      0|  0|  15|           6|           6|
    |add_ln484_fu_457_p2    |     +    |      0|  0|  13|           4|           4|
    |add_ln583_fu_495_p2    |     +    |      0|  0|  15|           8|           1|
    |bi_3_fu_512_p2         |     +    |      0|  0|  39|          32|           1|
    |bi_fu_489_p2           |     +    |      0|  0|  15|           5|           2|
    |i_5_fu_409_p2          |     +    |      0|  0|  12|           3|           1|
    |i_6_fu_286_p2          |     +    |      0|  0|  15|           5|           1|
    |i_fu_333_p2            |     +    |      0|  0|  12|           3|           1|
    |k_2_fu_375_p2          |     +    |      0|  0|  12|           3|           1|
    |k_3_fu_451_p2          |     +    |      0|  0|  12|           3|           1|
    |k_fu_304_p2            |     +    |      0|  0|  15|           5|           1|
    |ap_condition_456       |    and   |      0|  0|   2|           1|           1|
    |icmp_ln474_fu_327_p2   |   icmp   |      0|  0|   9|           3|           4|
    |icmp_ln475_fu_369_p2   |   icmp   |      0|  0|   9|           3|           4|
    |icmp_ln482_fu_403_p2   |   icmp   |      0|  0|   9|           3|           4|
    |icmp_ln483_fu_445_p2   |   icmp   |      0|  0|   9|           3|           4|
    |icmp_ln565_fu_280_p2   |   icmp   |      0|  0|  11|           5|           6|
    |icmp_ln566_fu_292_p2   |   icmp   |      0|  0|  18|          32|           5|
    |icmp_ln568_fu_298_p2   |   icmp   |      0|  0|  11|           5|           6|
    |icmp_ln579_fu_483_p2   |   icmp   |      0|  0|  11|           8|           2|
    |buf_r_d0               |    xor   |      0|  0|   8|           8|           8|
    +-----------------------+----------+-------+---+----+------------+------------+
    |Total                  |          |      0|  0| 300|         158|          74|
    +-----------------------+----------+-------+---+----+------------+------------+

    * Multiplexer: 
    +-------------------------------+----+-----------+-----+-----------+
    |              Name             | LUT| Input Size| Bits| Total Bits|
    +-------------------------------+----+-----------+-----+-----------+
    |ap_NS_fsm                      |  62|         15|    1|         15|
    |ap_phi_mux_bi_2_phi_fu_263_p4  |   9|          2|   32|         64|
    |bi_0_reg_181                   |   9|          2|   32|         64|
    |bi_1_reg_248                   |   9|          2|    5|         10|
    |bi_2_reg_260                   |   9|          2|   32|         64|
    |buf_r_address0                 |  15|          3|    4|         12|
    |buffer_address0                |  27|          5|    4|         20|
    |buffer_d0                      |  15|          3|    8|         24|
    |ctx_Iv_address0                |  21|          4|    4|         16|
    |ctx_Iv_d0                      |  15|          3|    8|         24|
    |i_0_i2_reg_226                 |   9|          2|    3|          6|
    |i_0_i_reg_204                  |   9|          2|    3|          6|
    |i_0_reg_169                    |   9|          2|    5|         10|
    |k_0_i4_reg_237                 |   9|          2|    3|          6|
    |k_0_i_reg_215                  |   9|          2|    3|          6|
    |k_0_reg_193                    |   9|          2|    5|         10|
    |x_address0                     |  21|          4|    4|         16|
    |x_ce0                          |  15|          3|    1|          3|
    |x_ce1                          |   9|          2|    1|          2|
    |x_d0                           |  15|          3|    8|         24|
    |x_we0                          |  15|          3|    1|          3|
    |x_we1                          |   9|          2|    1|          2|
    +-------------------------------+----+-----------+-----+-----------+
    |Total                          | 329|         70|  168|        407|
    +-------------------------------+----+-----------+-----+-----------+

    * Register: 
    +--------------------------------+----+----+-----+-----------+
    |              Name              | FF | LUT| Bits| Const Bits|
    +--------------------------------+----+----+-----+-----------+
    |add_ln484_reg_622               |   4|   0|    4|          0|
    |ap_CS_fsm                       |  14|   0|   14|          0|
    |bi_0_reg_181                    |  32|   0|   32|          0|
    |bi_1_reg_248                    |   5|   0|    5|          0|
    |bi_2_reg_260                    |  32|   0|   32|          0|
    |bi_3_reg_654                    |  32|   0|   32|          0|
    |buf_addr_reg_644                |   4|   0|    4|          0|
    |ctx_Iv_addr_1_reg_631           |   4|   0|    4|          0|
    |grp_Cipher_fu_271_ap_start_reg  |   1|   0|    1|          0|
    |i_0_i2_reg_226                  |   3|   0|    3|          0|
    |i_0_i_reg_204                   |   3|   0|    3|          0|
    |i_0_reg_169                     |   5|   0|    5|          0|
    |i_5_reg_599                     |   3|   0|    3|          0|
    |i_6_reg_528                     |   5|   0|    5|          0|
    |i_reg_563                       |   3|   0|    3|          0|
    |icmp_ln566_reg_533              |   1|   0|    1|          0|
    |k_0_i4_reg_237                  |   3|   0|    3|          0|
    |k_0_i_reg_215                   |   3|   0|    3|          0|
    |k_0_reg_193                     |   5|   0|    5|          0|
    |k_2_reg_581                     |   3|   0|    3|          0|
    |k_3_reg_617                     |   3|   0|    3|          0|
    |k_reg_540                       |   5|   0|    5|          0|
    |shl_ln2_reg_604                 |   2|   0|    4|          2|
    |shl_ln_reg_568                  |   2|   0|    4|          2|
    |tmp_5_reg_627                   |   1|   0|    1|          0|
    |x_addr_reg_573                  |   4|   0|    4|          0|
    |zext_ln474_reg_555              |   3|   0|    6|          3|
    |zext_ln482_reg_591              |   3|   0|    6|          3|
    |zext_ln568_reg_545              |   5|   0|   64|         59|
    +--------------------------------+----+----+-----+-----------+
    |Total                           | 193|   0|  262|         69|
    +--------------------------------+----+----+-----+-----------+



================================================================
== Interface
================================================================
* Summary: 
+-----------------------+-----+-----+------------+----------------------+--------------+
|       RTL Ports       | Dir | Bits|  Protocol  |     Source Object    |    C Type    |
+-----------------------+-----+-----+------------+----------------------+--------------+
|ap_clk                 |  in |    1| ap_ctrl_hs | AES_CTR_xcrypt_buffe | return value |
|ap_rst                 |  in |    1| ap_ctrl_hs | AES_CTR_xcrypt_buffe | return value |
|ap_start               |  in |    1| ap_ctrl_hs | AES_CTR_xcrypt_buffe | return value |
|ap_done                | out |    1| ap_ctrl_hs | AES_CTR_xcrypt_buffe | return value |
|ap_idle                | out |    1| ap_ctrl_hs | AES_CTR_xcrypt_buffe | return value |
|ap_ready               | out |    1| ap_ctrl_hs | AES_CTR_xcrypt_buffe | return value |
|ctx_RoundKey_address0  | out |    8|  ap_memory |     ctx_RoundKey     |     array    |
|ctx_RoundKey_ce0       | out |    1|  ap_memory |     ctx_RoundKey     |     array    |
|ctx_RoundKey_q0        |  in |    8|  ap_memory |     ctx_RoundKey     |     array    |
|ctx_Iv_address0        | out |    4|  ap_memory |        ctx_Iv        |     array    |
|ctx_Iv_ce0             | out |    1|  ap_memory |        ctx_Iv        |     array    |
|ctx_Iv_we0             | out |    1|  ap_memory |        ctx_Iv        |     array    |
|ctx_Iv_d0              | out |    8|  ap_memory |        ctx_Iv        |     array    |
|ctx_Iv_q0              |  in |    8|  ap_memory |        ctx_Iv        |     array    |
|buf_r_address0         | out |    4|  ap_memory |         buf_r        |     array    |
|buf_r_ce0              | out |    1|  ap_memory |         buf_r        |     array    |
|buf_r_we0              | out |    1|  ap_memory |         buf_r        |     array    |
|buf_r_d0               | out |    8|  ap_memory |         buf_r        |     array    |
|buf_r_q0               |  in |    8|  ap_memory |         buf_r        |     array    |
+-----------------------+-----+-----+------------+----------------------+--------------+

