

================================================================
== Vivado HLS Report for 'ShiftRows'
================================================================
* Date:           Sat Jan 23 11:19:21 2021

* Version:        2019.1 (Build 2552052 on Fri May 24 15:28:33 MDT 2019)
* Project:        aes_hls_prj
* Solution:       sol2
* Product family: spartan7
* Target device:  xc7s15-ftgb196-2


================================================================
== Performance Estimates
================================================================
+ Timing (ns): 
    * Summary: 
    +--------+--------+----------+------------+
    |  Clock | Target | Estimated| Uncertainty|
    +--------+--------+----------+------------+
    |ap_clk  |  100.00|     0.000|       12.50|
    +--------+--------+----------+------------+

+ Latency (clock cycles): 
    * Summary: 
    +-----+-----+-----+-----+----------+
    |  Latency  |  Interval | Pipeline |
    | min | max | min | max |   Type   |
    +-----+-----+-----+-----+----------+
    |    0|    0|    1|    1| function |
    +-----+-----+-----+-----+----------+

    + Detail: 
        * Instance: 
        N/A

        * Loop: 
        N/A



================================================================
== Utilization Estimates
================================================================
* Summary: 
+-----------------+---------+-------+-------+------+-----+
|       Name      | BRAM_18K| DSP48E|   FF  |  LUT | URAM|
+-----------------+---------+-------+-------+------+-----+
|DSP              |        -|      -|      -|     -|    -|
|Expression       |        -|      -|      -|     -|    -|
|FIFO             |        -|      -|      -|     -|    -|
|Instance         |        -|      -|      -|     -|    -|
|Memory           |        -|      -|      -|     -|    -|
|Multiplexer      |        -|      -|      -|     -|    -|
|Register         |        -|      -|      -|     -|    -|
+-----------------+---------+-------+-------+------+-----+
|Total            |        0|      0|      0|     0|    0|
+-----------------+---------+-------+-------+------+-----+
|Available        |       20|     20|  16000|  8000|    0|
+-----------------+---------+-------+-------+------+-----+
|Utilization (%)  |        0|      0|      0|     0|    0|
+-----------------+---------+-------+-------+------+-----+

+ Detail: 
    * Instance: 
    N/A

    * DSP48E: 
    N/A

    * Memory: 
    N/A

    * FIFO: 
    N/A

    * Expression: 
    N/A

    * Multiplexer: 
    N/A

    * Register: 
    N/A



================================================================
== Interface
================================================================
* Summary: 
+----------------+-----+-----+------------+----------------+--------------+
|    RTL Ports   | Dir | Bits|  Protocol  |  Source Object |    C Type    |
+----------------+-----+-----+------------+----------------+--------------+
|ap_ready        | out |    1| ap_ctrl_hs |    ShiftRows   | return value |
|ap_return_0     | out |    8| ap_ctrl_hs |    ShiftRows   | return value |
|ap_return_1     | out |    8| ap_ctrl_hs |    ShiftRows   | return value |
|ap_return_2     | out |    8| ap_ctrl_hs |    ShiftRows   | return value |
|ap_return_3     | out |    8| ap_ctrl_hs |    ShiftRows   | return value |
|ap_return_4     | out |    8| ap_ctrl_hs |    ShiftRows   | return value |
|ap_return_5     | out |    8| ap_ctrl_hs |    ShiftRows   | return value |
|ap_return_6     | out |    8| ap_ctrl_hs |    ShiftRows   | return value |
|ap_return_7     | out |    8| ap_ctrl_hs |    ShiftRows   | return value |
|ap_return_8     | out |    8| ap_ctrl_hs |    ShiftRows   | return value |
|ap_return_9     | out |    8| ap_ctrl_hs |    ShiftRows   | return value |
|ap_return_10    | out |    8| ap_ctrl_hs |    ShiftRows   | return value |
|ap_return_11    | out |    8| ap_ctrl_hs |    ShiftRows   | return value |
|state_0_1_read  |  in |    8|   ap_none  | state_0_1_read |    scalar    |
|state_0_2_read  |  in |    8|   ap_none  | state_0_2_read |    scalar    |
|state_0_3_read  |  in |    8|   ap_none  | state_0_3_read |    scalar    |
|state_1_1_read  |  in |    8|   ap_none  | state_1_1_read |    scalar    |
|state_1_2_read  |  in |    8|   ap_none  | state_1_2_read |    scalar    |
|state_1_3_read  |  in |    8|   ap_none  | state_1_3_read |    scalar    |
|state_2_1_read  |  in |    8|   ap_none  | state_2_1_read |    scalar    |
|state_2_2_read  |  in |    8|   ap_none  | state_2_2_read |    scalar    |
|state_2_3_read  |  in |    8|   ap_none  | state_2_3_read |    scalar    |
|state_3_1_read  |  in |    8|   ap_none  | state_3_1_read |    scalar    |
|state_3_2_read  |  in |    8|   ap_none  | state_3_2_read |    scalar    |
|state_3_3_read  |  in |    8|   ap_none  | state_3_3_read |    scalar    |
+----------------+-----+-----+------------+----------------+--------------+

